[0m19:18:18.996476 [debug] [MainThread]: Sending event: {'category': 'dbt', 'action': 'invocation', 'label': 'start', 'context': [<snowplow_tracker.self_describing_json.SelfDescribingJson object at 0x0000026869E3E660>, <snowplow_tracker.self_describing_json.SelfDescribingJson object at 0x000002686ADA39D0>, <snowplow_tracker.self_describing_json.SelfDescribingJson object at 0x000002686AF97D90>]}


============================== 19:18:18.999582 | 82dabc32-b425-4e4e-ba54-52ef36d14300 ==============================
[0m19:18:18.999582 [info ] [MainThread]: Running with dbt=1.9.6
[0m19:18:18.999962 [debug] [MainThread]: running dbt with arguments {'printer_width': '80', 'indirect_selection': 'eager', 'log_cache_events': 'False', 'write_json': 'True', 'partial_parse': 'True', 'cache_selected_only': 'False', 'profiles_dir': 'C:\\Users\\JOBS-13\\.dbt', 'version_check': 'True', 'debug': 'False', 'log_path': 'logs', 'warn_error': 'None', 'fail_fast': 'False', 'use_colors': 'True', 'use_experimental_parser': 'False', 'no_print': 'None', 'quiet': 'False', 'empty': 'None', 'warn_error_options': 'WarnErrorOptions(include=[], exclude=[])', 'invocation_command': 'dbt init streaming_project', 'log_format': 'default', 'static_parser': 'True', 'target_path': 'None', 'introspect': 'True', 'send_anonymous_usage_stats': 'True'}
[0m19:18:19.013943 [warn ] [MainThread]: [ConfigFolderDirectory]: Unable to parse logging event dictionary. Failed to parse dir field: expected string or bytes-like object, got 'WindowsPath'.. Dictionary: {'dir': WindowsPath('C:/Users/JOBS-13/.dbt')}
[0m19:18:19.014393 [info ] [MainThread]: Creating dbt configuration folder at 
[0m19:18:19.016082 [debug] [MainThread]: Starter project path: C:\Users\JOBS-13\AppData\Local\Programs\Python\Python313\Lib\site-packages\dbt\include\starter_project
[0m19:18:19.025951 [info ] [MainThread]: 
Your new dbt project "streaming_project" was created!

For more information on how to configure the profiles.yml file,
please consult the dbt documentation here:

  https://docs.getdbt.com/docs/configure-your-profile

One more thing:

Need help? Don't hesitate to reach out to us via GitHub issues or on Slack:

  https://community.getdbt.com/

Happy modeling!

[0m19:18:19.026554 [info ] [MainThread]: Setting up your profile.
[0m19:18:21.413171 [info ] [MainThread]: Profile streaming_project written to C:\Users\JOBS-13\.dbt\profiles.yml using target's sample configuration. Once updated, you'll be able to start developing with dbt.
[0m19:18:21.413923 [debug] [MainThread]: Command `dbt init` succeeded at 19:18:21.413836 after 2.52 seconds
[0m19:18:21.414152 [debug] [MainThread]: Sending event: {'category': 'dbt', 'action': 'invocation', 'label': 'end', 'context': [<snowplow_tracker.self_describing_json.SelfDescribingJson object at 0x000002686B04E650>, <snowplow_tracker.self_describing_json.SelfDescribingJson object at 0x000002686B188710>, <snowplow_tracker.self_describing_json.SelfDescribingJson object at 0x000002686B051F20>]}
[0m19:18:21.414395 [debug] [MainThread]: Flushing usage events
[0m19:18:21.961400 [debug] [MainThread]: An error was encountered while trying to flush usage events
